{
  "usingComponents": {
    "van-button": "/common/vant-weapp/dist/button/index",
    "hola-title": "/common/title/title"
  },
  "navigationStyle": "custom"
}
